Starting a Gradle Daemon, 1 busy and 40 stopped Daemons could not be reused, use --status for details
Daemon JVM discovery is an incubating feature.
